Archive member included because of file (symbol)

/Users/James/pebble-dev/PebbleSDK-3.0/Pebble/basalt/lib/libpebble.a(tmpZh9nU7pebble.o)
                              src/main.c.14.o (accel_tap_service_unsubscribe)
/Users/James/pebble-dev/PebbleSDK-3.0/arm-cs-tools/bin/../lib/gcc/arm-none-eabi/4.7.2/thumb2/libgcc.a(_arm_addsubdf3.o)
                              src/libs/EffectLayer/math.c.14.o (__aeabi_dsub)
/Users/James/pebble-dev/PebbleSDK-3.0/arm-cs-tools/bin/../lib/gcc/arm-none-eabi/4.7.2/thumb2/libgcc.a(_arm_muldivdf3.o)
                              src/libs/EffectLayer/math.c.14.o (__aeabi_dmul)
/Users/James/pebble-dev/PebbleSDK-3.0/arm-cs-tools/bin/../lib/gcc/arm-none-eabi/4.7.2/thumb2/libgcc.a(_arm_truncdfsf2.o)
                              src/libs/EffectLayer/math.c.14.o (__aeabi_d2f)
/Users/James/pebble-dev/PebbleSDK-3.0/arm-cs-tools/bin/../lib/gcc/arm-none-eabi/4.7.2/thumb2/libgcc.a(_arm_addsubsf3.o)
                              src/libs/EffectLayer/math.c.14.o (__aeabi_fsub)
/Users/James/pebble-dev/PebbleSDK-3.0/arm-cs-tools/bin/../lib/gcc/arm-none-eabi/4.7.2/thumb2/libgcc.a(_arm_muldivsf3.o)
                              src/libs/EffectLayer/effects.c.14.o (__aeabi_fmul)
/Users/James/pebble-dev/PebbleSDK-3.0/arm-cs-tools/bin/../lib/gcc/arm-none-eabi/4.7.2/thumb2/libgcc.a(_arm_cmpsf2.o)
                              src/libs/EffectLayer/math.c.14.o (__aeabi_fcmplt)
/Users/James/pebble-dev/PebbleSDK-3.0/arm-cs-tools/bin/../lib/gcc/arm-none-eabi/4.7.2/thumb2/libgcc.a(_arm_fixsfsi.o)
                              src/libs/EffectLayer/effects.c.14.o (__aeabi_f2iz)

Discarded input sections

 .text          0x0000000000000000        0x0 /Users/James/pebble-dev/PebbleSDK-3.0/arm-cs-tools/bin/../lib/gcc/arm-none-eabi/4.7.2/thumb2/crti.o
 .bss           0x0000000000000000        0x0 /Users/James/pebble-dev/PebbleSDK-3.0/arm-cs-tools/bin/../lib/gcc/arm-none-eabi/4.7.2/thumb2/crti.o
 .init          0x0000000000000000        0x4 /Users/James/pebble-dev/PebbleSDK-3.0/arm-cs-tools/bin/../lib/gcc/arm-none-eabi/4.7.2/thumb2/crti.o
 .fini          0x0000000000000000        0x4 /Users/James/pebble-dev/PebbleSDK-3.0/arm-cs-tools/bin/../lib/gcc/arm-none-eabi/4.7.2/thumb2/crti.o
 .text          0x0000000000000000       0xc8 /Users/James/pebble-dev/PebbleSDK-3.0/arm-cs-tools/bin/../lib/gcc/arm-none-eabi/4.7.2/thumb2/crtbegin.o
 .bss           0x0000000000000000       0x1c /Users/James/pebble-dev/PebbleSDK-3.0/arm-cs-tools/bin/../lib/gcc/arm-none-eabi/4.7.2/thumb2/crtbegin.o
 .init_array    0x0000000000000000        0x4 /Users/James/pebble-dev/PebbleSDK-3.0/arm-cs-tools/bin/../lib/gcc/arm-none-eabi/4.7.2/thumb2/crtbegin.o
 .fini_array    0x0000000000000000        0x4 /Users/James/pebble-dev/PebbleSDK-3.0/arm-cs-tools/bin/../lib/gcc/arm-none-eabi/4.7.2/thumb2/crtbegin.o
 .eh_frame      0x0000000000000000        0x0 /Users/James/pebble-dev/PebbleSDK-3.0/arm-cs-tools/bin/../lib/gcc/arm-none-eabi/4.7.2/thumb2/crtbegin.o
 .jcr           0x0000000000000000        0x0 /Users/James/pebble-dev/PebbleSDK-3.0/arm-cs-tools/bin/../lib/gcc/arm-none-eabi/4.7.2/thumb2/crtbegin.o
 .tm_clone_table
                0x0000000000000000        0x0 /Users/James/pebble-dev/PebbleSDK-3.0/arm-cs-tools/bin/../lib/gcc/arm-none-eabi/4.7.2/thumb2/crtbegin.o
 .text          0x0000000000000000        0x0 src/libs/EffectLayer/blur.c.14.o
 .bss           0x0000000000000000        0x0 src/libs/EffectLayer/blur.c.14.o
 .text.blur_    0x0000000000000000      0x11a src/libs/EffectLayer/blur.c.14.o
 .text.effect_blur
                0x0000000000000000      0x104 src/libs/EffectLayer/blur.c.14.o
 .text          0x0000000000000000        0x0 src/libs/EffectLayer/effect_layer.c.14.o
 .bss           0x0000000000000000        0x0 src/libs/EffectLayer/effect_layer.c.14.o
 .text          0x0000000000000000        0x0 src/libs/EffectLayer/effects.c.14.o
 .bss           0x0000000000000000        0x0 src/libs/EffectLayer/effects.c.14.o
 .text.set_pixel
                0x0000000000000000        0xc src/libs/EffectLayer/effects.c.14.o
 .text.get_pixel
                0x0000000000000000        0x8 src/libs/EffectLayer/effects.c.14.o
 .text.effect_invert
                0x0000000000000000       0x64 src/libs/EffectLayer/effects.c.14.o
 .text.effect_invert_bw_only
                0x0000000000000000       0x90 src/libs/EffectLayer/effects.c.14.o
 .text.effect_invert_brightness
                0x0000000000000000      0x538 src/libs/EffectLayer/effects.c.14.o
 .text.effect_mirror_vertical
                0x0000000000000000       0x86 src/libs/EffectLayer/effects.c.14.o
 .text.effect_mirror_horizontal
                0x0000000000000000       0x86 src/libs/EffectLayer/effects.c.14.o
 .text.effect_rotate_90_degrees
                0x0000000000000000      0x128 src/libs/EffectLayer/effects.c.14.o
 .text.effect_zoom
                0x0000000000000000      0x146 src/libs/EffectLayer/effects.c.14.o
 .text.effect_lens
[...]
Memory Configuration

Name             Origin             Length             Attributes
APP              0x0000000000000000 0x0000000000010000 xrw
*default*        0x0000000000000000 0xffffffffffffffff

Linker script and memory map

LOAD /Users/James/pebble-dev/PebbleSDK-3.0/arm-cs-tools/bin/../lib/gcc/arm-none-eabi/4.7.2/thumb2/crti.o
LOAD /Users/James/pebble-dev/PebbleSDK-3.0/arm-cs-tools/bin/../lib/gcc/arm-none-eabi/4.7.2/thumb2/crtbegin.o
LOAD src/libs/EffectLayer/blur.c.14.o
LOAD src/libs/EffectLayer/effect_layer.c.14.o
LOAD src/libs/EffectLayer/effects.c.14.o
LOAD src/libs/EffectLayer/math.c.14.o
LOAD src/main.c.14.o
LOAD basalt/appinfo.auto.c.14.o
LOAD /Users/James/pebble-dev/PebbleSDK-3.0/Pebble/basalt/lib/libpebble.a
START GROUP
LOAD /Users/James/pebble-dev/PebbleSDK-3.0/arm-cs-tools/bin/../lib/gcc/arm-none-eabi/4.7.2/thumb2/libgcc.a
LOAD /Users/James/pebble-dev/PebbleSDK-3.0/arm-cs-tools/bin/../lib/gcc/arm-none-eabi/4.7.2/../../../../arm-none-eabi/lib/thumb2/libc.a
END GROUP
LOAD /Users/James/pebble-dev/PebbleSDK-3.0/arm-cs-tools/bin/../lib/gcc/arm-none-eabi/4.7.2/thumb2/crtend.o
LOAD /Users/James/pebble-dev/PebbleSDK-3.0/arm-cs-tools/bin/../lib/gcc/arm-none-eabi/4.7.2/thumb2/crtn.o

.header         0x0000000000000000       0x82
 *(.pbl_header)
 .pbl_header    0x0000000000000000       0x82 basalt/appinfo.auto.c.14.o
                0x0000000000000000                __pbl_app_info

.note.gnu.build-id
                0x0000000000000082       0x26
                0x0000000000000082                PROVIDE (BUILD_ID, .)
 *(.note.gnu.build-id)
 *fill*         0x0000000000000082        0x2 
 .note.gnu.build-id
                0x0000000000000084       0x24 linker stubs

.text           0x00000000000000a8     0x1024
 *(.text)
 .text          0x00000000000000a8       0x14 /Users/James/pebble-dev/PebbleSDK-3.0/Pebble/basalt/lib/libpebble.a(tmpZh9nU7pebble.o)
 *(.text.*)
 .text.effect_layer_update_proc
                0x00000000000000bc      0x114 src/libs/EffectLayer/effect_layer.c.14.o
 .text.effect_layer_create
                0x00000000000001d0       0x34 src/libs/EffectLayer/effect_layer.c.14.o
                0x00000000000001d0                effect_layer_create
 .text.effect_layer_destroy
                0x0000000000000204        0x6 src/libs/EffectLayer/effect_layer.c.14.o
                0x0000000000000204                effect_layer_destroy
 .text.effect_layer_get_layer
                0x000000000000020a        0x4 src/libs/EffectLayer/effect_layer.c.14.o
                0x000000000000020a                effect_layer_get_layer
 .text.effect_layer_add_effect
                0x000000000000020e       0x1a src/libs/EffectLayer/effect_layer.c.14.o
                0x000000000000020e                effect_layer_add_effect
 .text.set_line
                0x0000000000000228      0x15c src/libs/EffectLayer/effects.c.14.o
                0x0000000000000228                set_line
 .text.effect_shadow
                0x0000000000000384      0x100 src/libs/EffectLayer/effects.c.14.o
                0x0000000000000384                effect_shadow
 .text.bt_handler
                0x0000000000000484        0xa src/main.c.14.o
 *fill*         0x000000000000048e        0x2 
 .text.tick_handler
                0x0000000000000490       0x18 src/main.c.14.o
 .text.main_window_unload
                0x00000000000004a8      0x118 src/main.c.14.o
 .text.main_window_load
                0x00000000000005c0      0x64c src/main.c.14.o
 .text.update_yellow
                0x0000000000000c0c       0x34 src/main.c.14.o
 .text.update_blue
                0x0000000000000c40       0x34 src/main.c.14.o
 .text.startup.main
                0x0000000000000c74       0x84 src/main.c.14.o
                0x0000000000000c74                main
 .text.accel_tap_service_unsubscribe
                0x0000000000000cf8        0xc /Users/James/pebble-dev/PebbleSDK-3.0/Pebble/basalt/lib/libpebble.a(tmpZh9nU7pebble.o)
                0x0000000000000cf8                accel_tap_service_unsubscribe
 .text.app_event_loop
                0x0000000000000d04        0xc /Users/James/pebble-dev/PebbleSDK-3.0/Pebble/basalt/lib/libpebble.a(tmpZh9nU7pebble.o)
                0x0000000000000d04                app_event_loop
 .text.app_log  0x0000000000000d10        0xc /Users/James/pebble-dev/PebbleSDK-3.0/Pebble/basalt/lib/libpebble.a(tmpZh9nU7pebble.o)
                0x0000000000000d10                app_log
 .text.bitmap_layer_create
                0x0000000000000d1c        0xc /Users/James/pebble-dev/PebbleSDK-3.0/Pebble/basalt/lib/libpebble.a(tmpZh9nU7pebble.o)
                0x0000000000000d1c                bitmap_layer_create
 .text.bitmap_layer_destroy
                0x0000000000000d28        0xc /Users/James/pebble-dev/PebbleSDK-3.0/Pebble/basalt/lib/libpebble.a(tmpZh9nU7pebble.o)
                0x0000000000000d28                bitmap_layer_destroy
 .text.bitmap_layer_get_layer
                0x0000000000000d34        0xc /Users/James/pebble-dev/PebbleSDK-3.0/Pebble/basalt/lib/libpebble.a(tmpZh9nU7pebble.o)
                0x0000000000000d34                bitmap_layer_get_layer
 .text.bitmap_layer_set_bitmap
                0x0000000000000d40        0xc /Users/James/pebble-dev/PebbleSDK-3.0/Pebble/basalt/lib/libpebble.a(tmpZh9nU7pebble.o)
                0x0000000000000d40                bitmap_layer_set_bitmap
 .text.bitmap_layer_set_compositing_mode
                0x0000000000000d4c        0xc /Users/James/pebble-dev/PebbleSDK-3.0/Pebble/basalt/lib/libpebble.a(tmpZh9nU7pebble.o)
                0x0000000000000d4c                bitmap_layer_set_compositing_mode
 .text.bluetooth_connection_service_subscribe
                0x0000000000000d58        0xc /Users/James/pebble-dev/PebbleSDK-3.0/Pebble/basalt/lib/libpebble.a(tmpZh9nU7pebble.o)
                0x0000000000000d58                bluetooth_connection_service_subscribe
 .text.bluetooth_connection_service_unsubscribe
                0x0000000000000d64        0xc /Users/James/pebble-dev/PebbleSDK-3.0/Pebble/basalt/lib/libpebble.a(tmpZh9nU7pebble.o)
                0x0000000000000d64                bluetooth_connection_service_unsubscribe
 .text.clock_is_24h_style
                0x0000000000000d70        0xc /Users/James/pebble-dev/PebbleSDK-3.0/Pebble/basalt/lib/libpebble.a(tmpZh9nU7pebble.o)
                0x0000000000000d70                clock_is_24h_style
 .text.fonts_load_custom_font
                0x0000000000000d7c        0xc /Users/James/pebble-dev/PebbleSDK-3.0/Pebble/basalt/lib/libpebble.a(tmpZh9nU7pebble.o)
                0x0000000000000d7c                fonts_load_custom_font
 .text.fonts_unload_custom_font
                0x0000000000000d88        0xc /Users/James/pebble-dev/PebbleSDK-3.0/Pebble/basalt/lib/libpebble.a(tmpZh9nU7pebble.o)
                0x0000000000000d88                fonts_unload_custom_font
 .text.gbitmap_create_with_resource
                0x0000000000000d94        0xc /Users/James/pebble-dev/PebbleSDK-3.0/Pebble/basalt/lib/libpebble.a(tmpZh9nU7pebble.o)
                0x0000000000000d94                gbitmap_create_with_resource
 .text.gbitmap_destroy
                0x0000000000000da0        0xc /Users/James/pebble-dev/PebbleSDK-3.0/Pebble/basalt/lib/libpebble.a(tmpZh9nU7pebble.o)
                0x0000000000000da0                gbitmap_destroy
 .text.graphics_fill_rect
                0x0000000000000dac        0xc /Users/James/pebble-dev/PebbleSDK-3.0/Pebble/basalt/lib/libpebble.a(tmpZh9nU7pebble.o)
                0x0000000000000dac                graphics_fill_rect
 .text.layer_add_child
                0x0000000000000db8        0xc /Users/James/pebble-dev/PebbleSDK-3.0/Pebble/basalt/lib/libpebble.a(tmpZh9nU7pebble.o)
                0x0000000000000db8                layer_add_child
 .text.layer_create
                0x0000000000000dc4        0xc /Users/James/pebble-dev/PebbleSDK-3.0/Pebble/basalt/lib/libpebble.a(tmpZh9nU7pebble.o)
                0x0000000000000dc4                layer_create
 .text.layer_create_with_data
                0x0000000000000dd0        0xc /Users/James/pebble-dev/PebbleSDK-3.0/Pebble/basalt/lib/libpebble.a(tmpZh9nU7pebble.o)
                0x0000000000000dd0                layer_create_with_data
 .text.layer_destroy
                0x0000000000000ddc        0xc /Users/James/pebble-dev/PebbleSDK-3.0/Pebble/basalt/lib/libpebble.a(tmpZh9nU7pebble.o)
                0x0000000000000ddc                layer_destroy
 .text.layer_get_bounds
                0x0000000000000de8        0xc /Users/James/pebble-dev/PebbleSDK-3.0/Pebble/basalt/lib/libpebble.a(tmpZh9nU7pebble.o)
                0x0000000000000de8                layer_get_bounds
 .text.layer_get_data
                0x0000000000000df4        0xc /Users/James/pebble-dev/PebbleSDK-3.0/Pebble/basalt/lib/libpebble.a(tmpZh9nU7pebble.o)
                0x0000000000000df4                layer_get_data
 .text.layer_get_frame
                0x0000000000000e00        0xc /Users/James/pebble-dev/PebbleSDK-3.0/Pebble/basalt/lib/libpebble.a(tmpZh9nU7pebble.o)
                0x0000000000000e00                layer_get_frame
 .text.layer_mark_dirty
                0x0000000000000e0c        0xc /Users/James/pebble-dev/PebbleSDK-3.0/Pebble/basalt/lib/libpebble.a(tmpZh9nU7pebble.o)
                0x0000000000000e0c                layer_mark_dirty
 .text.layer_set_update_proc
                0x0000000000000e18        0xc /Users/James/pebble-dev/PebbleSDK-3.0/Pebble/basalt/lib/libpebble.a(tmpZh9nU7pebble.o)
                0x0000000000000e18                layer_set_update_proc
 .text.memset   0x0000000000000e24        0xc /Users/James/pebble-dev/PebbleSDK-3.0/Pebble/basalt/lib/libpebble.a(tmpZh9nU7pebble.o)
                0x0000000000000e24                memset
 .text.resource_get_handle
                0x0000000000000e30        0xc /Users/James/pebble-dev/PebbleSDK-3.0/Pebble/basalt/lib/libpebble.a(tmpZh9nU7pebble.o)
                0x0000000000000e30                resource_get_handle
 .text.strftime
                0x0000000000000e3c        0xc /Users/James/pebble-dev/PebbleSDK-3.0/Pebble/basalt/lib/libpebble.a(tmpZh9nU7pebble.o)
                0x0000000000000e3c                strftime
 .text.tick_timer_service_subscribe
                0x0000000000000e48        0xc /Users/James/pebble-dev/PebbleSDK-3.0/Pebble/basalt/lib/libpebble.a(tmpZh9nU7pebble.o)
                0x0000000000000e48                tick_timer_service_subscribe
 .text.vibes_double_pulse
                0x0000000000000e54        0xc /Users/James/pebble-dev/PebbleSDK-3.0/Pebble/basalt/lib/libpebble.a(tmpZh9nU7pebble.o)
                0x0000000000000e54                vibes_double_pulse
 .text.vibes_short_pulse
                0x0000000000000e60        0xc /Users/James/pebble-dev/PebbleSDK-3.0/Pebble/basalt/lib/libpebble.a(tmpZh9nU7pebble.o)
                0x0000000000000e60                vibes_short_pulse
 .text.window_create
                0x0000000000000e6c        0xc /Users/James/pebble-dev/PebbleSDK-3.0/Pebble/basalt/lib/libpebble.a(tmpZh9nU7pebble.o)
                0x0000000000000e6c                window_create
 .text.window_destroy
                0x0000000000000e78        0xc /Users/James/pebble-dev/PebbleSDK-3.0/Pebble/basalt/lib/libpebble.a(tmpZh9nU7pebble.o)
                0x0000000000000e78                window_destroy
 .text.window_get_root_layer
                0x0000000000000e84        0xc /Users/James/pebble-dev/PebbleSDK-3.0/Pebble/basalt/lib/libpebble.a(tmpZh9nU7pebble.o)
                0x0000000000000e84                window_get_root_layer
 .text.window_set_window_handlers
                0x0000000000000e90        0xc /Users/James/pebble-dev/PebbleSDK-3.0/Pebble/basalt/lib/libpebble.a(tmpZh9nU7pebble.o)
                0x0000000000000e90                window_set_window_handlers
 .text.window_stack_push
                0x0000000000000e9c        0xc /Users/James/pebble-dev/PebbleSDK-3.0/Pebble/basalt/lib/libpebble.a(tmpZh9nU7pebble.o)
                0x0000000000000e9c                window_stack_push
 .text.graphics_release_frame_buffer
                0x0000000000000ea8        0xc /Users/James/pebble-dev/PebbleSDK-3.0/Pebble/basalt/lib/libpebble.a(tmpZh9nU7pebble.o)
                0x0000000000000ea8                graphics_release_frame_buffer
 .text.gcolor_equal
                0x0000000000000eb4        0xc /Users/James/pebble-dev/PebbleSDK-3.0/Pebble/basalt/lib/libpebble.a(tmpZh9nU7pebble.o)
                0x0000000000000eb4                gcolor_equal
 .text.graphics_context_set_fill_color
                0x0000000000000ec0        0xc /Users/James/pebble-dev/PebbleSDK-3.0/Pebble/basalt/lib/libpebble.a(tmpZh9nU7pebble.o)
                0x0000000000000ec0                graphics_context_set_fill_color
 .text.window_set_background_color
                0x0000000000000ecc        0xc /Users/James/pebble-dev/PebbleSDK-3.0/Pebble/basalt/lib/libpebble.a(tmpZh9nU7pebble.o)
                0x0000000000000ecc                window_set_background_color
 .text.localtime
                0x0000000000000ed8        0xc /Users/James/pebble-dev/PebbleSDK-3.0/Pebble/basalt/lib/libpebble.a(tmpZh9nU7pebble.o)
                0x0000000000000ed8                localtime
 .text.animation_schedule
                0x0000000000000ee4        0xc /Users/James/pebble-dev/PebbleSDK-3.0/Pebble/basalt/lib/libpebble.a(tmpZh9nU7pebble.o)
                0x0000000000000ee4                animation_schedule
 .text.animation_set_curve
                0x0000000000000ef0        0xc /Users/James/pebble-dev/PebbleSDK-3.0/Pebble/basalt/lib/libpebble.a(tmpZh9nU7pebble.o)
                0x0000000000000ef0                animation_set_curve
 .text.animation_set_delay
                0x0000000000000efc        0xc /Users/James/pebble-dev/PebbleSDK-3.0/Pebble/basalt/lib/libpebble.a(tmpZh9nU7pebble.o)
                0x0000000000000efc                animation_set_delay
 .text.animation_set_duration
                0x0000000000000f08        0xc /Users/James/pebble-dev/PebbleSDK-3.0/Pebble/basalt/lib/libpebble.a(tmpZh9nU7pebble.o)
                0x0000000000000f08                animation_set_duration
 .text.animation_unschedule_all
                0x0000000000000f14        0xc /Users/James/pebble-dev/PebbleSDK-3.0/Pebble/basalt/lib/libpebble.a(tmpZh9nU7pebble.o)
                0x0000000000000f14                animation_unschedule_all
 .text.graphics_capture_frame_buffer
                0x0000000000000f20        0xc /Users/James/pebble-dev/PebbleSDK-3.0/Pebble/basalt/lib/libpebble.a(tmpZh9nU7pebble.o)
                0x0000000000000f20                graphics_capture_frame_buffer
 .text.property_animation_create_layer_frame
                0x0000000000000f2c        0xc /Users/James/pebble-dev/PebbleSDK-3.0/Pebble/basalt/lib/libpebble.a(tmpZh9nU7pebble.o)
                0x0000000000000f2c                property_animation_create_layer_frame
 .text.gbitmap_get_bytes_per_row
                0x0000000000000f38        0xc /Users/James/pebble-dev/PebbleSDK-3.0/Pebble/basalt/lib/libpebble.a(tmpZh9nU7pebble.o)
                0x0000000000000f38                gbitmap_get_bytes_per_row
 .text.gbitmap_get_data
                0x0000000000000f44        0xc /Users/James/pebble-dev/PebbleSDK-3.0/Pebble/basalt/lib/libpebble.a(tmpZh9nU7pebble.o)
                0x0000000000000f44                gbitmap_get_data
 .text.text_layer_create
                0x0000000000000f50        0xc /Users/James/pebble-dev/PebbleSDK-3.0/Pebble/basalt/lib/libpebble.a(tmpZh9nU7pebble.o)
                0x0000000000000f50                text_layer_create
 .text.text_layer_destroy
                0x0000000000000f5c        0xc /Users/James/pebble-dev/PebbleSDK-3.0/Pebble/basalt/lib/libpebble.a(tmpZh9nU7pebble.o)
                0x0000000000000f5c                text_layer_destroy
 .text.text_layer_get_layer
                0x0000000000000f68        0xc /Users/James/pebble-dev/PebbleSDK-3.0/Pebble/basalt/lib/libpebble.a(tmpZh9nU7pebble.o)
                0x0000000000000f68                text_layer_get_layer
 .text.text_layer_set_background_color
                0x0000000000000f74        0xc /Users/James/pebble-dev/PebbleSDK-3.0/Pebble/basalt/lib/libpebble.a(tmpZh9nU7pebble.o)
                0x0000000000000f74                text_layer_set_background_color
 .text.text_layer_set_font
                0x0000000000000f80        0xc /Users/James/pebble-dev/PebbleSDK-3.0/Pebble/basalt/lib/libpebble.a(tmpZh9nU7pebble.o)
                0x0000000000000f80                text_layer_set_font
 .text.text_layer_set_text
                0x0000000000000f8c        0xc /Users/James/pebble-dev/PebbleSDK-3.0/Pebble/basalt/lib/libpebble.a(tmpZh9nU7pebble.o)
                0x0000000000000f8c                text_layer_set_text
 .text.text_layer_set_text_alignment
                0x0000000000000f98        0xc /Users/James/pebble-dev/PebbleSDK-3.0/Pebble/basalt/lib/libpebble.a(tmpZh9nU7pebble.o)
                0x0000000000000f98                text_layer_set_text_alignment
 .text.text_layer_set_text_color
                0x0000000000000fa4        0xc /Users/James/pebble-dev/PebbleSDK-3.0/Pebble/basalt/lib/libpebble.a(tmpZh9nU7pebble.o)
                0x0000000000000fa4                text_layer_set_text_color
 .text.time     0x0000000000000fb0        0xc /Users/James/pebble-dev/PebbleSDK-3.0/Pebble/basalt/lib/libpebble.a(tmpZh9nU7pebble.o)
                0x0000000000000fb0                time
 *(.rodata)
 .rodata        0x0000000000000fbc       0x10 src/libs/EffectLayer/effect_layer.c.14.o
 .rodata        0x0000000000000fcc       0x68 src/main.c.14.o
 *(.rodata*)
 .rodata.str1.1
                0x0000000000001034       0x77 src/libs/EffectLayer/effect_layer.c.14.o
 .rodata.str1.1
                0x00000000000010ab       0x21 src/main.c.14.o

.glue_7         0x00000000000010cc        0x0
 .glue_7        0x0000000000000000        0x0 linker stubs

.glue_7t        0x00000000000010cc        0x0
 .glue_7t       0x0000000000000000        0x0 linker stubs

.vfp11_veneer   0x00000000000010cc        0x0
 .vfp11_veneer  0x0000000000000000        0x0 linker stubs

.v4_bx          0x00000000000010cc        0x0
 .v4_bx         0x0000000000000000        0x0 linker stubs

.iplt           0x00000000000010cc        0x0
 .iplt          0x0000000000000000        0x0 /Users/James/pebble-dev/PebbleSDK-3.0/arm-cs-tools/bin/../lib/gcc/arm-none-eabi/4.7.2/thumb2/crtbegin.o

.rel.dyn        0x00000000000010cc        0x0
 .rel.iplt      0x0000000000000000        0x0 /Users/James/pebble-dev/PebbleSDK-3.0/arm-cs-tools/bin/../lib/gcc/arm-none-eabi/4.7.2/thumb2/crtbegin.o
 .rel.got       0x0000000000000000        0x0 /Users/James/pebble-dev/PebbleSDK-3.0/arm-cs-tools/bin/../lib/gcc/arm-none-eabi/4.7.2/thumb2/crtbegin.o

.data           0x00000000000010cc       0x13
 *(.data)
 .data          0x00000000000010cc        0x0 /Users/James/pebble-dev/PebbleSDK-3.0/arm-cs-tools/bin/../lib/gcc/arm-none-eabi/4.7.2/thumb2/crti.o
 .data          0x00000000000010cc        0x4 /Users/James/pebble-dev/PebbleSDK-3.0/arm-cs-tools/bin/../lib/gcc/arm-none-eabi/4.7.2/thumb2/crtbegin.o
                0x00000000000010cc                __dso_handle
 .data          0x00000000000010d0        0x0 src/libs/EffectLayer/blur.c.14.o
 .data          0x00000000000010d0        0x0 src/libs/EffectLayer/effect_layer.c.14.o
 .data          0x00000000000010d0        0x0 src/libs/EffectLayer/effects.c.14.o
 .data          0x00000000000010d0        0x0 src/libs/EffectLayer/math.c.14.o
 .data          0x00000000000010d0        0x0 src/main.c.14.o
 .data          0x00000000000010d0        0x0 basalt/appinfo.auto.c.14.o
 .data          0x00000000000010d0        0x0 /Users/James/pebble-dev/PebbleSDK-3.0/Pebble/basalt/lib/libpebble.a(tmpZh9nU7pebble.o)
 .data          0x00000000000010d0        0x0 /Users/James/pebble-dev/PebbleSDK-3.0/arm-cs-tools/bin/../lib/gcc/arm-none-eabi/4.7.2/thumb2/libgcc.a(_arm_addsubdf3.o)
 .data          0x00000000000010d0        0x0 /Users/James/pebble-dev/PebbleSDK-3.0/arm-cs-tools/bin/../lib/gcc/arm-none-eabi/4.7.2/thumb2/libgcc.a(_arm_muldivdf3.o)
 .data          0x00000000000010d0        0x0 /Users/James/pebble-dev/PebbleSDK-3.0/arm-cs-tools/bin/../lib/gcc/arm-none-eabi/4.7.2/thumb2/libgcc.a(_arm_truncdfsf2.o)
 .data          0x00000000000010d0        0x0 /Users/James/pebble-dev/PebbleSDK-3.0/arm-cs-tools/bin/../lib/gcc/arm-none-eabi/4.7.2/thumb2/libgcc.a(_arm_addsubsf3.o)
 .data          0x00000000000010d0        0x0 /Users/James/pebble-dev/PebbleSDK-3.0/arm-cs-tools/bin/../lib/gcc/arm-none-eabi/4.7.2/thumb2/libgcc.a(_arm_muldivsf3.o)
 .data          0x00000000000010d0        0x0 /Users/James/pebble-dev/PebbleSDK-3.0/arm-cs-tools/bin/../lib/gcc/arm-none-eabi/4.7.2/thumb2/libgcc.a(_arm_cmpsf2.o)
 .data          0x00000000000010d0        0x0 /Users/James/pebble-dev/PebbleSDK-3.0/arm-cs-tools/bin/../lib/gcc/arm-none-eabi/4.7.2/thumb2/libgcc.a(_arm_fixsfsi.o)
 .data          0x00000000000010d0        0x0 /Users/James/pebble-dev/PebbleSDK-3.0/arm-cs-tools/bin/../lib/gcc/arm-none-eabi/4.7.2/thumb2/crtend.o
 .data          0x00000000000010d0        0x0 /Users/James/pebble-dev/PebbleSDK-3.0/arm-cs-tools/bin/../lib/gcc/arm-none-eabi/4.7.2/thumb2/crtn.o
 *(.data.*)
 .data.parent_layer_offset.7032
                0x00000000000010d0        0x1 src/libs/EffectLayer/effect_layer.c.14.o
 .data.s_month_buffer
                0x00000000000010d1        0x5 src/main.c.14.o
 .data.s_day_buffer
                0x00000000000010d6        0x3 src/main.c.14.o
 .data.s_time_buffer
                0x00000000000010d9        0x6 src/main.c.14.o

.igot.plt       0x00000000000010e0        0x0
 .igot.plt      0x0000000000000000        0x0 /Users/James/pebble-dev/PebbleSDK-3.0/arm-cs-tools/bin/../lib/gcc/arm-none-eabi/4.7.2/thumb2/crtbegin.o

.got            0x00000000000010e0        0x4
 .got           0x00000000000010e0        0x4 /Users/James/pebble-dev/PebbleSDK-3.0/arm-cs-tools/bin/../lib/gcc/arm-none-eabi/4.7.2/thumb2/crtbegin.o

.got.plt        0x00000000000010e4        0xc
 .got.plt       0x00000000000010e4        0xc /Users/James/pebble-dev/PebbleSDK-3.0/arm-cs-tools/bin/../lib/gcc/arm-none-eabi/4.7.2/thumb2/crtbegin.o
                0x00000000000010e4                _GLOBAL_OFFSET_TABLE_

.bss            0x00000000000010f0       0x6c
 *(.bss)
 *(.bss.*)
 .bss.s_time_font
                0x00000000000010f0        0x4 src/main.c.14.o
 .bss.s_white_effect_offset
                0x00000000000010f4        0xc src/main.c.14.o
 .bss.s_brand_label
                0x0000000000001100        0x4 src/main.c.14.o
 .bss.s_red_layer
                0x0000000000001104        0x4 src/main.c.14.o
 .bss.s_time_anim
                0x0000000000001108        0x4 src/main.c.14.o
 .bss.s_time_label
                0x000000000000110c        0x4 src/main.c.14.o
 .bss.s_main_window
                0x0000000000001110        0x4 src/main.c.14.o
 .bss.s_time_layer
                0x0000000000001114        0x4 src/main.c.14.o
 .bss.s_large_font
                0x0000000000001118        0x4 src/main.c.14.o
 .bss.s_red_parent
                0x000000000000111c        0x4 src/main.c.14.o
 .bss.s_blue_anim
                0x0000000000001120        0x4 src/main.c.14.o
 .bss.s_date_layer
                0x0000000000001124        0x4 src/main.c.14.o
 .bss.s_small_font
                0x0000000000001128        0x4 src/main.c.14.o
 .bss.s_yellow_anim
                0x000000000000112c        0x4 src/main.c.14.o
 .bss.s_effect_layer
                0x0000000000001130        0x4 src/main.c.14.o
 .bss.s_yellow_layer
                0x0000000000001134        0x4 src/main.c.14.o
 .bss.s_red_anim
                0x0000000000001138        0x4 src/main.c.14.o
 .bss.s_day_label
                0x000000000000113c        0x4 src/main.c.14.o
 .bss.s_blue_layer
                0x0000000000001140        0x4 src/main.c.14.o
 .bss.s_date_anim
                0x0000000000001144        0x4 src/main.c.14.o
 .bss.s_month_label
                0x0000000000001148        0x4 src/main.c.14.o
 .bss.s_red_bitmap
                0x000000000000114c        0x4 src/main.c.14.o
 .bss.s_yellow_effect_offset
                0x0000000000001150        0xc src/main.c.14.o

DISCARD
 libc.a(*)
 libm.a(*)
 libgcc.a(*)
 *(.eh_frame)
OUTPUT(/Users/James/Development Workspaces/Pebble/Sonic-Level-Start/build/basalt/pebble-app.elf elf32-littlearm)

.ARM.attributes
                0x0000000000000000       0x27
 .ARM.attributes
                0x0000000000000000       0x19 /Users/James/pebble-dev/PebbleSDK-3.0/arm-cs-tools/bin/../lib/gcc/arm-none-eabi/4.7.2/thumb2/crti.o
 .ARM.attributes
                0x0000000000000019       0x29 /Users/James/pebble-dev/PebbleSDK-3.0/arm-cs-tools/bin/../lib/gcc/arm-none-eabi/4.7.2/thumb2/crtbegin.o
 .ARM.attributes
                0x0000000000000042       0x33 src/libs/EffectLayer/blur.c.14.o
 .ARM.attributes
                0x0000000000000075       0x33 src/libs/EffectLayer/effect_layer.c.14.o
 .ARM.attributes
                0x00000000000000a8       0x33 src/libs/EffectLayer/effects.c.14.o
 .ARM.attributes
                0x00000000000000db       0x33 src/libs/EffectLayer/math.c.14.o
 .ARM.attributes
                0x000000000000010e       0x33 src/main.c.14.o
 .ARM.attributes
                0x0000000000000141       0x33 basalt/appinfo.auto.c.14.o
 .ARM.attributes
                0x0000000000000174       0x21 /Users/James/pebble-dev/PebbleSDK-3.0/Pebble/basalt/lib/libpebble.a(tmpZh9nU7pebble.o)
 .ARM.attributes
                0x0000000000000195       0x19 /Users/James/pebble-dev/PebbleSDK-3.0/arm-cs-tools/bin/../lib/gcc/arm-none-eabi/4.7.2/thumb2/libgcc.a(_arm_addsubdf3.o)
 .ARM.attributes
                0x00000000000001ae       0x19 /Users/James/pebble-dev/PebbleSDK-3.0/arm-cs-tools/bin/../lib/gcc/arm-none-eabi/4.7.2/thumb2/libgcc.a(_arm_muldivdf3.o)
 .ARM.attributes
                0x00000000000001c7       0x19 /Users/James/pebble-dev/PebbleSDK-3.0/arm-cs-tools/bin/../lib/gcc/arm-none-eabi/4.7.2/thumb2/libgcc.a(_arm_truncdfsf2.o)
 .ARM.attributes
                0x00000000000001e0       0x19 /Users/James/pebble-dev/PebbleSDK-3.0/arm-cs-tools/bin/../lib/gcc/arm-none-eabi/4.7.2/thumb2/libgcc.a(_arm_addsubsf3.o)
 .ARM.attributes
                0x00000000000001f9       0x19 /Users/James/pebble-dev/PebbleSDK-3.0/arm-cs-tools/bin/../lib/gcc/arm-none-eabi/4.7.2/thumb2/libgcc.a(_arm_muldivsf3.o)
 .ARM.attributes
                0x0000000000000212       0x19 /Users/James/pebble-dev/PebbleSDK-3.0/arm-cs-tools/bin/../lib/gcc/arm-none-eabi/4.7.2/thumb2/libgcc.a(_arm_cmpsf2.o)
 .ARM.attributes
                0x000000000000022b       0x19 /Users/James/pebble-dev/PebbleSDK-3.0/arm-cs-tools/bin/../lib/gcc/arm-none-eabi/4.7.2/thumb2/libgcc.a(_arm_fixsfsi.o)
 .ARM.attributes
                0x0000000000000244       0x29 /Users/James/pebble-dev/PebbleSDK-3.0/arm-cs-tools/bin/../lib/gcc/arm-none-eabi/4.7.2/thumb2/crtend.o
 .ARM.attributes
                0x000000000000026d       0x19 /Users/James/pebble-dev/PebbleSDK-3.0/arm-cs-tools/bin/../lib/gcc/arm-none-eabi/4.7.2/thumb2/crtn.o

.comment        0x0000000000000000       0x4e
 .comment       0x0000000000000000       0x4e /Users/James/pebble-dev/PebbleSDK-3.0/arm-cs-tools/bin/../lib/gcc/arm-none-eabi/4.7.2/thumb2/crtbegin.o
                                         0x4f (size before relaxing)
 .comment       0x0000000000000000       0x4f src/libs/EffectLayer/blur.c.14.o
 .comment       0x0000000000000000       0x4f src/libs/EffectLayer/effect_layer.c.14.o
 .comment       0x0000000000000000       0x4f src/libs/EffectLayer/effects.c.14.o
 .comment       0x0000000000000000       0x4f src/libs/EffectLayer/math.c.14.o
 .comment       0x0000000000000000       0x4f src/main.c.14.o
 .comment       0x0000000000000000       0x4f basalt/appinfo.auto.c.14.o
 .comment       0x0000000000000000       0x4f /Users/James/pebble-dev/PebbleSDK-3.0/arm-cs-tools/bin/../lib/gcc/arm-none-eabi/4.7.2/thumb2/crtend.o

.debug_info     0x0000000000000000     0x5dbe
 .debug_info    0x0000000000000000      0x697 src/libs/EffectLayer/blur.c.14.o
 .debug_info    0x0000000000000697      0x672 src/libs/EffectLayer/effect_layer.c.14.o
 .debug_info    0x0000000000000d09     0x2a5f src/libs/EffectLayer/effects.c.14.o
 .debug_info    0x0000000000003768      0x46d src/libs/EffectLayer/math.c.14.o
 .debug_info    0x0000000000003bd5     0x197b src/main.c.14.o
 .debug_info    0x0000000000005550      0x35f basalt/appinfo.auto.c.14.o
 .debug_info    0x00000000000058af       0xb9 /Users/James/pebble-dev/PebbleSDK-3.0/arm-cs-tools/bin/../lib/gcc/arm-none-eabi/4.7.2/thumb2/libgcc.a(_arm_addsubdf3.o)
 .debug_info    0x0000000000005968       0xb9 /Users/James/pebble-dev/PebbleSDK-3.0/arm-cs-tools/bin/../lib/gcc/arm-none-eabi/4.7.2/thumb2/libgcc.a(_arm_muldivdf3.o)
 .debug_info    0x0000000000005a21       0xb9 /Users/James/pebble-dev/PebbleSDK-3.0/arm-cs-tools/bin/../lib/gcc/arm-none-eabi/4.7.2/thumb2/libgcc.a(_arm_truncdfsf2.o)
 .debug_info    0x0000000000005ada       0xb9 /Users/James/pebble-dev/PebbleSDK-3.0/arm-cs-tools/bin/../lib/gcc/arm-none-eabi/4.7.2/thumb2/libgcc.a(_arm_addsubsf3.o)
 .debug_info    0x0000000000005b93       0xb9 /Users/James/pebble-dev/PebbleSDK-3.0/arm-cs-tools/bin/../lib/gcc/arm-none-eabi/4.7.2/thumb2/libgcc.a(_arm_muldivsf3.o)
 .debug_info    0x0000000000005c4c       0xb9 /Users/James/pebble-dev/PebbleSDK-3.0/arm-cs-tools/bin/../lib/gcc/arm-none-eabi/4.7.2/thumb2/libgcc.a(_arm_cmpsf2.o)
 .debug_info    0x0000000000005d05       0xb9 /Users/James/pebble-dev/PebbleSDK-3.0/arm-cs-tools/bin/../lib/gcc/arm-none-eabi/4.7.2/thumb2/libgcc.a(_arm_fixsfsi.o)

.debug_abbrev   0x0000000000000000      0xe8a
 .debug_abbrev  0x0000000000000000      0x262 src/libs/EffectLayer/blur.c.14.o
 .debug_abbrev  0x0000000000000262      0x295 src/libs/EffectLayer/effect_layer.c.14.o
 .debug_abbrev  0x00000000000004f7      0x3e0 src/libs/EffectLayer/effects.c.14.o
 .debug_abbrev  0x00000000000008d7      0x159 src/libs/EffectLayer/math.c.14.o
 .debug_abbrev  0x0000000000000a30      0x330 src/main.c.14.o
 .debug_abbrev  0x0000000000000d60       0x9e basalt/appinfo.auto.c.14.o
 .debug_abbrev  0x0000000000000dfe       0x14 /Users/James/pebble-dev/PebbleSDK-3.0/arm-cs-tools/bin/../lib/gcc/arm-none-eabi/4.7.2/thumb2/libgcc.a(_arm_addsubdf3.o)
 .debug_abbrev  0x0000000000000e12       0x14 /Users/James/pebble-dev/PebbleSDK-3.0/arm-cs-tools/bin/../lib/gcc/arm-none-eabi/4.7.2/thumb2/libgcc.a(_arm_muldivdf3.o)
 .debug_abbrev  0x0000000000000e26       0x14 /Users/James/pebble-dev/PebbleSDK-3.0/arm-cs-tools/bin/../lib/gcc/arm-none-eabi/4.7.2/thumb2/libgcc.a(_arm_truncdfsf2.o)
 .debug_abbrev  0x0000000000000e3a       0x14 /Users/James/pebble-dev/PebbleSDK-3.0/arm-cs-tools/bin/../lib/gcc/arm-none-eabi/4.7.2/thumb2/libgcc.a(_arm_addsubsf3.o)
 .debug_abbrev  0x0000000000000e4e       0x14 /Users/James/pebble-dev/PebbleSDK-3.0/arm-cs-tools/bin/../lib/gcc/arm-none-eabi/4.7.2/thumb2/libgcc.a(_arm_muldivsf3.o)
 .debug_abbrev  0x0000000000000e62       0x14 /Users/James/pebble-dev/PebbleSDK-3.0/arm-cs-tools/bin/../lib/gcc/arm-none-eabi/4.7.2/thumb2/libgcc.a(_arm_cmpsf2.o)
 .debug_abbrev  0x0000000000000e76       0x14 /Users/James/pebble-dev/PebbleSDK-3.0/arm-cs-tools/bin/../lib/gcc/arm-none-eabi/4.7.2/thumb2/libgcc.a(_arm_fixsfsi.o)

.debug_loc      0x0000000000000000     0x32ea
 .debug_loc     0x0000000000000000      0x405 src/libs/EffectLayer/blur.c.14.o
 .debug_loc     0x0000000000000405      0x25b src/libs/EffectLayer/effect_layer.c.14.o
 .debug_loc     0x0000000000000660     0x23e0 src/libs/EffectLayer/effects.c.14.o
 .debug_loc     0x0000000000002a40      0x610 src/libs/EffectLayer/math.c.14.o
 .debug_loc     0x0000000000003050      0x29a src/main.c.14.o

.debug_aranges  0x0000000000000000      0x2c8
 .debug_aranges
                0x0000000000000000       0x28 src/libs/EffectLayer/blur.c.14.o
 .debug_aranges
                0x0000000000000028       0x40 src/libs/EffectLayer/effect_layer.c.14.o
 .debug_aranges
                0x0000000000000068       0x90 src/libs/EffectLayer/effects.c.14.o
 .debug_aranges
                0x00000000000000f8       0x80 src/libs/EffectLayer/math.c.14.o
 .debug_aranges
                0x0000000000000178       0x58 src/main.c.14.o
 .debug_aranges
                0x00000000000001d0       0x18 basalt/appinfo.auto.c.14.o
 .debug_aranges
                0x00000000000001e8       0x20 /Users/James/pebble-dev/PebbleSDK-3.0/arm-cs-tools/bin/../lib/gcc/arm-none-eabi/4.7.2/thumb2/libgcc.a(_arm_addsubdf3.o)
 .debug_aranges
                0x0000000000000208       0x20 /Users/James/pebble-dev/PebbleSDK-3.0/arm-cs-tools/bin/../lib/gcc/arm-none-eabi/4.7.2/thumb2/libgcc.a(_arm_muldivdf3.o)
 .debug_aranges
                0x0000000000000228       0x20 /Users/James/pebble-dev/PebbleSDK-3.0/arm-cs-tools/bin/../lib/gcc/arm-none-eabi/4.7.2/thumb2/libgcc.a(_arm_truncdfsf2.o)
 .debug_aranges
                0x0000000000000248       0x20 /Users/James/pebble-dev/PebbleSDK-3.0/arm-cs-tools/bin/../lib/gcc/arm-none-eabi/4.7.2/thumb2/libgcc.a(_arm_addsubsf3.o)
 .debug_aranges
                0x0000000000000268       0x20 /Users/James/pebble-dev/PebbleSDK-3.0/arm-cs-tools/bin/../lib/gcc/arm-none-eabi/4.7.2/thumb2/libgcc.a(_arm_muldivsf3.o)
 .debug_aranges
                0x0000000000000288       0x20 /Users/James/pebble-dev/PebbleSDK-3.0/arm-cs-tools/bin/../lib/gcc/arm-none-eabi/4.7.2/thumb2/libgcc.a(_arm_cmpsf2.o)
 .debug_aranges
                0x00000000000002a8       0x20 /Users/James/pebble-dev/PebbleSDK-3.0/arm-cs-tools/bin/../lib/gcc/arm-none-eabi/4.7.2/thumb2/libgcc.a(_arm_fixsfsi.o)

.debug_ranges   0x0000000000000000      0x588
 .debug_ranges  0x0000000000000000       0x70 src/libs/EffectLayer/blur.c.14.o
 .debug_ranges  0x0000000000000070       0x30 src/libs/EffectLayer/effect_layer.c.14.o
 .debug_ranges  0x00000000000000a0      0x3e8 src/libs/EffectLayer/effects.c.14.o
 .debug_ranges  0x0000000000000488       0xb8 src/libs/EffectLayer/math.c.14.o
 .debug_ranges  0x0000000000000540       0x48 src/main.c.14.o

.debug_line     0x0000000000000000     0x1da1
 .debug_line    0x0000000000000000      0x25f src/libs/EffectLayer/blur.c.14.o
 .debug_line    0x000000000000025f      0x243 src/libs/EffectLayer/effect_layer.c.14.o
 .debug_line    0x00000000000004a2      0x8b8 src/libs/EffectLayer/effects.c.14.o
 .debug_line    0x0000000000000d5a      0x1d2 src/libs/EffectLayer/math.c.14.o
 .debug_line    0x0000000000000f2c      0x483 src/main.c.14.o
 .debug_line    0x00000000000013af      0x131 basalt/appinfo.auto.c.14.o
 .debug_line    0x00000000000014e0      0x20a /Users/James/pebble-dev/PebbleSDK-3.0/arm-cs-tools/bin/../lib/gcc/arm-none-eabi/4.7.2/thumb2/libgcc.a(_arm_addsubdf3.o)
 .debug_line    0x00000000000016ea      0x226 /Users/James/pebble-dev/PebbleSDK-3.0/arm-cs-tools/bin/../lib/gcc/arm-none-eabi/4.7.2/thumb2/libgcc.a(_arm_muldivdf3.o)
 .debug_line    0x0000000000001910       0x9a /Users/James/pebble-dev/PebbleSDK-3.0/arm-cs-tools/bin/../lib/gcc/arm-none-eabi/4.7.2/thumb2/libgcc.a(_arm_truncdfsf2.o)
 .debug_line    0x00000000000019aa      0x128 /Users/James/pebble-dev/PebbleSDK-3.0/arm-cs-tools/bin/../lib/gcc/arm-none-eabi/4.7.2/thumb2/libgcc.a(_arm_addsubsf3.o)
 .debug_line    0x0000000000001ad2      0x149 /Users/James/pebble-dev/PebbleSDK-3.0/arm-cs-tools/bin/../lib/gcc/arm-none-eabi/4.7.2/thumb2/libgcc.a(_arm_muldivsf3.o)
 .debug_line    0x0000000000001c1b      0x100 /Users/James/pebble-dev/PebbleSDK-3.0/arm-cs-tools/bin/../lib/gcc/arm-none-eabi/4.7.2/thumb2/libgcc.a(_arm_cmpsf2.o)
 .debug_line    0x0000000000001d1b       0x86 /Users/James/pebble-dev/PebbleSDK-3.0/arm-cs-tools/bin/../lib/gcc/arm-none-eabi/4.7.2/thumb2/libgcc.a(_arm_fixsfsi.o)

.debug_str      0x0000000000000000     0x1548
 .debug_str     0x0000000000000000      0x216 src/libs/EffectLayer/blur.c.14.o
                                        0x288 (size before relaxing)
 .debug_str     0x0000000000000216      0x1e5 src/libs/EffectLayer/effect_layer.c.14.o
                                        0x35e (size before relaxing)
 .debug_str     0x00000000000003fb      0x4ec src/libs/EffectLayer/effects.c.14.o
                                        0x733 (size before relaxing)
 .debug_str     0x00000000000008e7       0x87 src/libs/EffectLayer/math.c.14.o
                                         0xf4 (size before relaxing)
 .debug_str     0x000000000000096e      0x9c8 src/main.c.14.o
                                        0xe28 (size before relaxing)
 .debug_str     0x0000000000001336      0x212 basalt/appinfo.auto.c.14.o
                                        0x40e (size before relaxing)

.debug_frame    0x0000000000000000      0x598
 .debug_frame   0x0000000000000000       0x60 src/libs/EffectLayer/blur.c.14.o
 .debug_frame   0x0000000000000060       0x90 src/libs/EffectLayer/effect_layer.c.14.o
 .debug_frame   0x00000000000000f0      0x224 src/libs/EffectLayer/effects.c.14.o
 .debug_frame   0x0000000000000314      0x198 src/libs/EffectLayer/math.c.14.o
 .debug_frame   0x00000000000004ac       0xec src/main.c.14.o
